<html>
<body>
<pre>
<h1>µVision Build Log</h1>
<h2>Project:</h2>
F:\Documents\2016Spr\EE445Lab\Interpreter_Lab1\Interpreter.uvproj
Project File Date:  02/08/2016

<h2>Output:</h2>
Build target 'UARTInts'
compiling ADCT0ATrigger.c...
linking...
Program Size: Code=8600 RO-data=14920 RW-data=76 ZI-data=1156  
".\UARTInts.axf" - 0 Error(s), 0 Warning(s).
Load "F:\\Documents\\2016Spr\\EE445Lab\\Interpreter_Lab1\\UARTInts.axf" 
Connecting: Mode=JTAG, Speed=1000000Hz
Erase Done.
Programming Done.
Verify OK.
:\\Documents\\2016Spr\\EE445Lab\\Interpreter_Lab1\\UARTInts.axf" 
Connecting: Mode=JTAG, Speed=1000000Hz
Erase Done.
Programming Done.
Verify OK.
Error: Flash Download failed  -  Target DLL has been cancelled
Load "F:\\Documents\\2016Spr\\EE445Lab\\Interpreter_Lab1\\UARTInts.axf" 
Connecting: Mode=JTAG, Speed=1000000Hz
Erase Done.
Programming Done.
Verify OK.
Error: Flash Download failed  -  Target DLL has been cancelled

Connecting: Mode=JTAG, Speed=1000000Hz
Erase Done.
Programming Done.
Verify OK.
Load "F:\\Documents\\2016Spr\\EE445Lab\\Interpreter_Lab1\\UARTInts.axf" 
Connecting: Mode=JTAG, Speed=1000000Hz
Erase Done.
Programming Done.
Verify OK.
ished: 2 information, 0 warning and 6 error messages.
".\UARTInts.axf" - 6 Error(s), 0 Warning(s).
Target not created
Load "F:\\Documents\\2016Spr\\EE445Lab\\Interpreter_Lab1\\UARTInts.axf" 
_____^
*** error 56: cannot open file
Error: Flash Download failed  -  Could not load file 'F:\Documents\2016Spr\EE445Lab\Interpreter_Lab1\UARTInts.axf'
